[www.aiseesoft.com/online-bg-remover/index.html]
[backblue.gif]
[fade.gif]
[index.html]
[cdn.bootcdn.net/ajax/libs/Swiper/5.4.5/css/swiper.min.css]
[sdk.amazonaws.com/js/aws-sdk-2.1413.0.min.js]
[www.aiseesoft.com/js/jquery.min.js]
[www.aiseesoft.com/js/initUploadWidget.js]
[www.aiseesoft.com/style/images/aiseesoft-logo.png]
[www.aiseesoft.com/images/online-bg-remover/banner.png]
[www.aiseesoft.com/images/online-bg-remover/girl-s.jpg]
[www.aiseesoft.com/images/online-bg-remover/puppy-s.jpg]
[www.aiseesoft.com/images/online-bg-remover/penguin-s.jpg]
[www.aiseesoft.com/images/online-bg-remover/bird-s.jpg]
[www.aiseesoft.com/images/online-bg-remover/remove-portrait-background.png]
[www.aiseesoft.com/images/online-bg-remover/erase-object-photos.jpg]
[www.aiseesoft.com/images/online-bg-remover/edit-photos-background.jpg]
[www.aiseesoft.com/images/online-bg-remover/share-social-photos.png]
[www.aiseesoft.com/images/online-bg-remover/social.png]
[www.aiseesoft.com/images/online-bg-remover/life.png]
[www.aiseesoft.com/images/online-bg-remover/secure.jpg]
[www.aiseesoft.com/images/online-bg-remover/crop-image-size.jpg]
[www.aiseesoft.com/images/online-bg-remover/free.jpg]
[www.aiseesoft.com/images/online-bg-remover/refine-photos.jpg]
[www.aiseesoft.com/images/online-bg-remover/real-time-preview.jpg]
[www.aiseesoft.com/images/online-bg-remover/download-photos.jpg]
[www.aiseesoft.com/images/data-recovery/tom.png]
[www.aiseesoft.com/images/data-recovery/kevin.png]
[www.aiseesoft.com/images/data-recovery/fiona.png]
[www.aiseesoft.com/images/free-image-compressor/icon-image-compressor.png]
[www.aiseesoft.com/images/free-online-image-enhancer/icon-image-enhancer-b.png]
[www.aiseesoft.com/images/free-online-heic-converter/icon-heic.png]
[www.aiseesoft.com/images/online-bg-remover/warning.png]
[www.aiseesoft.com/images/online-bg-remover/question.png]
[www.aiseesoft.com/images/online-bg-remover/info.png]
[www.aiseesoft.com/images/online-bg-remover/xianzhi.png]
[www.aiseesoft.com/images/online-bg-remover/wait.gif]
[www.aiseesoft.com/style/index/aiseesoft.png]
[www.aiseesoft.com/js/common.js]
[www.aiseesoft.com/js/member-common.js]
[www.aiseesoft.com/js/translation-online-bg-remover.js]
[www.aiseesoft.com/style/js/unslider.js]
[www.aiseesoft.com/js/online-bg-remove.js]
[www.aiseesoft.com/online-bg-remover/index.html]
[cdn.bootcdn.net/ajax/libs/Swiper/5.4.5/css/swiper.min.css]
[www.aiseesoft.com/images/system/gotop.png]
[www.aiseesoft.com/style/images/search-box-shadow.png]
[www.aiseesoft.com/style/images/search-new.png]
[www.aiseesoft.com/style/index/download.png]
[www.aiseesoft.com/style/index/buy.png]
[www.aiseesoft.com/style/images/share-sns.png]
[www.aiseesoft.com/images/subscribe.png]
[www.aiseesoft.com/images/triangle.png]
[www.aiseesoft.com/style/images/country.png]
[www.aiseesoft.com/images/screen-recorder/winmac.png]
[www.aiseesoft.com/images/mobiesync/hot.png]
[www.aiseesoft.com/images/mobiesync/dian.png]
[www.aiseesoft.com/images/mobiesync/lock.png]
[www.aiseesoft.com/images/mobiesync/download_bg.jpg]
[www.aiseesoft.com/images/iphone-data-recovery/down-buy.png]
[www.aiseesoft.com/images/mobiesync/buy.png]
[www.aiseesoft.com/images/screen-recorder/movie2k.jpg]
[www.aiseesoft.com/images/screen-recorder/viki.jpg]
[www.aiseesoft.com/images/screen-recorder/anime.jpg]
[www.aiseesoft.com/images/system/breadcrumb_break.png]
[www.aiseesoft.com/images/iphone-data-recovery/bg-common.png]
[www.aiseesoft.com/images/iphone-data-recovery/next.png]
[www.aiseesoft.com/images/iphone-data-recovery/singles.png]
[www.aiseesoft.com/images/iphone-data-recovery/star.png]
[www.aiseesoft.com/images/3d-converter/arrow-right.png]
[www.aiseesoft.com/images/3d-converter/arrow-left.png]
[www.aiseesoft.com/images/screen-recorder/icon1.png]
[www.aiseesoft.com/images/ios-data-backup-and-restore/windows.png]
[www.aiseesoft.com/images/ios-data-backup-and-restore/mac.png]
[www.aiseesoft.com/images/icon1.png]
[www.aiseesoft.com/images/icon2.png]
[www.aiseesoft.com/images/system/fancybox_sprite.png]
[www.aiseesoft.com/images/system/fancybox_loading.gif]
[www.aiseesoft.com/images/system/blank.gif]
[www.aiseesoft.com/images/article/promotion.gif]
[www.aiseesoft.com/css/product/product-common-account.css]
[www.aiseesoft.com/css/member-commond46f.css]
[www.aiseesoft.com/images/online-bg-remover/bg1.png]
[www.aiseesoft.com/images/online-bg-remover/loading.png]
[www.aiseesoft.com/images/article/slide-down.png]
[www.aiseesoft.com/images/article/slide-up.png]
[www.aiseesoft.com/images/online-bg-remover/tab-icon.png]
[www.aiseesoft.com/images/online-bg-remover/back2.png]
[www.aiseesoft.com/images/online-bg-remover/back-icon.png]
[www.aiseesoft.com/images/online-bg-remover/icon-up.png]
[www.aiseesoft.com/images/online-bg-remover/tab-color.png]
[www.aiseesoft.com/images/online-bg-remover/color-no.png]
[www.aiseesoft.com/images/online-bg-remover/more.png]
[www.aiseesoft.com/images/online-bg-remover/add-picture.png]
[www.aiseesoft.com/images/online-bg-remover/point.png]
[www.aiseesoft.com/images/online-bg-remover/check.png]
[www.aiseesoft.com/images/online-bg-remover/mirror.png]
[www.aiseesoft.com/images/online-bg-remover/bg.png]
[www.aiseesoft.com/images/online-bg-remover/bar.png]
[www.aiseesoft.com/images/online-bg-remover/hand.png]
[www.aiseesoft.com/images/online-bg-remover/loading.gif]
[www.aiseesoft.com/images/online-bg-remover/jiantou-tools.png]
[www.aiseesoft.com/images/online-bg-remover/close-bg-img.png]
[www.aiseesoft.com/images/online-bg-remover/jiantou.png]
[www.aiseesoft.com/images/online-bg-remover/chexiao.png]
[www.aiseesoft.com/images/online-bg-remover/icon-deuse.png]
[www.aiseesoft.com/images/online-bg-remover/icon-add.png]
[www.aiseesoft.com/images/online-bg-remover/combox-arrow.png]
[www.aiseesoft.com/images/online-bg-remover/close.png]
[www.aiseesoft.com/images/watermark-remover-online/desktop-zoon-bg.jpg]
[www.aiseesoft.com/css/product/background-remover.css]
[www.aiseesoft.com/css/footer.css]
[www.googletagmanager.com/gtm5445.html]
[www.aiseesoft.com/images/online-bg-remover/tab-color-icon.html]
